// Jest Snapshot v1, https://goo.gl/fbAQLP

exports[`test ProductDetailes page ui 1`] = `
<RCTScrollView
  showsVerticalScrollIndicator={false}
>
  <View>
    <View
      style={
        Object {
          "alignItems": "center",
          "backgroundColor": "white",
        }
      }
    >
      <Image
        source={
          Object {
            "testUri": "../../../assets/Logo.png",
          }
        }
        style={
          Object {
            "height": 200,
            "resizeMode": "center",
            "width": 200,
          }
        }
      />
      <View
        style={
          Object {
            "flexDirection": "row",
            "justifyContent": "space-between",
            "width": "95%",
          }
        }
      >
        <Text
          style={
            Object {
              "fontSize": 16,
            }
          }
        >
          MEN
        </Text>
        <Text
          style={
            Object {
              "fontSize": 16,
            }
          }
        >
          WOMEN
        </Text>
        <Text
          style={
            Object {
              "fontSize": 16,
            }
          }
        >
          KIDS
        </Text>
        <Text
          style={
            Object {
              "fontSize": 16,
            }
          }
        >
          FTW
        </Text>
        <Text
          style={
            Object {
              "fontSize": 16,
            }
          }
        >
          ACCESSORIES
        </Text>
      </View>
      <View
        style={
          Object {
            "alignItems": "center",
            "borderWidth": 0.8,
            "height": 40,
            "margin": 10,
            "width": "95%",
          }
        }
      >
        <TextInput
          collapsable={false}
          handlerTag={1}
          handlerType="NativeViewGestureHandler"
          onGestureHandlerEvent={[Function]}
          onGestureHandlerStateChange={[Function]}
          placeholder="search"
          style={
            Object {
              "alignSelf": "flex-start",
              "flex": 1,
              "width": "100%",
            }
          }
        />
      </View>
      <View
        style={
          Object {
            "alignItems": "center",
            "borderWidth": 0.9,
            "width": "95%",
          }
        }
      >
        <Image
          source={
            Object {
              "uri": undefined,
            }
          }
          style={
            Object {
              "height": 400,
              "resizeMode": "center",
              "width": 300,
            }
          }
        />
        <View
          accessible={true}
          collapsable={false}
          focusable={false}
          onClick={[Function]}
          onResponderGrant={[Function]}
          onResponderMove={[Function]}
          onResponderRelease={[Function]}
          onResponderTerminate={[Function]}
          onResponderTerminationRequest={[Function]}
          onStartShouldSetResponder={[Function]}
          style={
            Object {
              "alignSelf": "flex-end",
              "borderWidth": 0.5,
              "opacity": 1,
            }
          }
        >
          <Image
            source={
              Object {
                "testUri": "../../../assets/resize.png",
              }
            }
            style={
              Object {
                "height": 25,
                "resizeMode": "center",
                "width": 25,
              }
            }
          />
        </View>
      </View>
      <View
        style={
          Object {
            "alignItems": "flex-start",
            "marginTop": 20,
            "width": "95%",
          }
        }
      >
        <Text
          style={
            Object {
              "fontSize": 20,
            }
          }
        />
        <Text
          style={
            Object {
              "fontSize": 14,
            }
          }
        >
           $
        </Text>
      </View>
      <View
        style={
          Object {
            "alignItems": "flex-start",
            "marginTop": 20,
            "width": "95%",
          }
        }
      >
        <Text
          style={
            Object {
              "color": "grey",
              "fontSize": 20,
            }
          }
        >
          Avalibale Size : M L XL XXL
        </Text>
      </View>
      <View
        style={
          Object {
            "alignItems": "flex-start",
            "marginTop": 20,
            "width": "95%",
          }
        }
      >
        <Text
          style={
            Object {
              "color": "grey",
              "fontSize": 20,
            }
          }
        >
          COLORS
        </Text>
        <View
          style={
            Object {
              "flexDirection": "row",
              "justifyContent": "space-between",
              "width": "50%",
            }
          }
        >
          <View
            accessible={true}
            collapsable={false}
            focusable={false}
            onClick={[Function]}
            onResponderGrant={[Function]}
            onResponderMove={[Function]}
            onResponderRelease={[Function]}
            onResponderTerminate={[Function]}
            onResponderTerminationRequest={[Function]}
            onStartShouldSetResponder={[Function]}
            style={
              Object {
                "borderColor": "red",
                "borderRadius": 1,
                "borderWidth": 20,
                "opacity": 1,
              }
            }
          />
          <View
            accessible={true}
            collapsable={false}
            focusable={false}
            onClick={[Function]}
            onResponderGrant={[Function]}
            onResponderMove={[Function]}
            onResponderRelease={[Function]}
            onResponderTerminate={[Function]}
            onResponderTerminationRequest={[Function]}
            onStartShouldSetResponder={[Function]}
            style={
              Object {
                "borderColor": "black",
                "borderRadius": 1,
                "borderWidth": 20,
                "opacity": 1,
              }
            }
          />
          <View
            accessible={true}
            collapsable={false}
            focusable={false}
            onClick={[Function]}
            onResponderGrant={[Function]}
            onResponderMove={[Function]}
            onResponderRelease={[Function]}
            onResponderTerminate={[Function]}
            onResponderTerminationRequest={[Function]}
            onStartShouldSetResponder={[Function]}
            style={
              Object {
                "borderColor": "blue",
                "borderRadius": 1,
                "borderWidth": 20,
                "opacity": 1,
              }
            }
          />
          <View
            accessible={true}
            collapsable={false}
            focusable={false}
            onClick={[Function]}
            onResponderGrant={[Function]}
            onResponderMove={[Function]}
            onResponderRelease={[Function]}
            onResponderTerminate={[Function]}
            onResponderTerminationRequest={[Function]}
            onStartShouldSetResponder={[Function]}
            style={
              Object {
                "borderColor": "green",
                "borderRadius": 1,
                "borderWidth": 20,
                "opacity": 1,
              }
            }
          />
        </View>
      </View>
      <View
        style={
          Object {
            "backgroundColor": "grey",
            "borderRadius": 10,
            "height": 30,
            "marginTop": 10,
            "width": "95%",
          }
        }
      />
      <View
        style={
          Object {
            "alignItems": "flex-start",
            "marginTop": 20,
            "width": "95%",
          }
        }
      >
        <Text
          style={
            Object {
              "color": "grey",
              "fontSize": 20,
              "fontWeight": "bold",
            }
          }
        >
          DESCRIPTION
        </Text>
        <Text
          style={
            Object {
              "color": "grey",
              "fontSize": 16,
              "marginTop": 10,
            }
          }
        />
      </View>
      <View
        style={
          Object {
            "borderWidth": 0.6,
            "marginTop": 10,
            "width": "95%",
          }
        }
      />
      <View
        style={
          Object {
            "alignItems": "flex-start",
            "marginTop": 20,
            "width": "95%",
          }
        }
      >
        <Text
          onPress={[Function]}
          style={
            Object {
              "color": "grey",
              "fontSize": 20,
              "fontWeight": "bold",
            }
          }
        >
          SEE MORE PRODUCTS
        </Text>
        <RCTScrollView
          data={Array []}
          getItem={[Function]}
          getItemCount={[Function]}
          horizontal={true}
          keyExtractor={[Function]}
          onContentSizeChange={[Function]}
          onLayout={[Function]}
          onMomentumScrollBegin={[Function]}
          onMomentumScrollEnd={[Function]}
          onScroll={[Function]}
          onScrollBeginDrag={[Function]}
          onScrollEndDrag={[Function]}
          removeClippedSubviews={false}
          renderItem={[Function]}
          scrollEventThrottle={50}
          showsHorizontalScrollIndicator={false}
          stickyHeaderIndices={Array []}
          viewabilityConfigCallbackPairs={Array []}
        >
          <View />
        </RCTScrollView>
      </View>
    </View>
  </View>
</RCTScrollView>
`;
